
  EPA STORM WATER MANAGEMENT MODEL - VERSION 5.2 (Build 5.2.4)
  ------------------------------------------------------------

  Isybau Generated Simulation 
  
  ****************
  Analysis Options
  ****************
  Flow Units ............... CMS
  Process Models:
    Rainfall/Runoff ........ YES
    RDII ................... NO
    Snowmelt ............... NO
    Groundwater ............ NO
    Flow Routing ........... YES
    Ponding Allowed ........ YES
    Water Quality .......... NO
  Infiltration Method ...... HORTON
  Flow Routing Method ...... DYNWAVE
  Surcharge Method ......... SLOT
  Starting Date ............ 01/01/2024 00:00:00
  Ending Date .............. 01/01/2024 02:00:00
  Antecedent Dry Days ...... 0.0
  Report Time Step ......... 00:01:00
  Wet Time Step ............ 00:00:30
  Dry Time Step ............ 00:01:00
  Routing Time Step ........ 1.00 sec
  Variable Time Step ....... YES
  Maximum Trials ........... 8
  Number of Threads ........ 1
  Head Tolerance ........... 0.001500 m
  
  
  **************************        Volume         Depth
  Runoff Quantity Continuity     hectare-m            mm
  **************************     ---------       -------
  Total Precipitation ......         0.223        25.992
  Evaporation Loss .........         0.000         0.000
  Infiltration Loss ........         0.020         2.387
  Surface Runoff ...........         0.202        23.582
  Final Storage ............         0.000         0.043
  Continuity Error (%) .....        -0.077
  
  
  **************************        Volume        Volume
  Flow Routing Continuity        hectare-m      10^6 ltr
  **************************     ---------     ---------
  Dry Weather Inflow .......         0.000         0.000
  Wet Weather Inflow .......         0.202         2.022
  Groundwater Inflow .......         0.000         0.000
  RDII Inflow ..............         0.000         0.000
  External Inflow ..........         0.000         0.000
  External Outflow .........         0.223         2.230
  Flooding Loss ............         0.000         0.000
  Evaporation Loss .........         0.000         0.000
  Exfiltration Loss ........         0.000         0.000
  Initial Stored Volume ....         0.000         0.000
  Final Stored Volume ......         0.001         0.006
  Continuity Error (%) .....       -10.577
  
  
  *************************
  Highest Continuity Errors
  *************************
  Node RW31 (-74.00%)
  Node RW30 (-4.12%)
  Node RW34 (-2.84%)
  Node RW05 (-2.08%)
  Node RW27 (-1.43%)
  
  
  ***************************
  Time-Step Critical Elements
  ***************************
  None
  
  
  ********************************
  Highest Flow Instability Indexes
  ********************************
  Link FK007 (15)
  Link FK008 (7)
  Link RW06 (2)
  Link RW30 (1)
  Link RW29 (1)
  
  
  *********************************
  Most Frequent Nonconverging Nodes
  *********************************
  Node AL001 (0.21%)
  Node AL002 (0.21%)
  Node AL003 (0.21%)
  Node RW31 (0.11%)
  Node RW30 (0.01%)
  
  
  *************************
  Routing Time Step Summary
  *************************
  Minimum Time Step           :     0.50 sec
  Average Time Step           :     1.00 sec
  Maximum Time Step           :     1.00 sec
  % of Time in Steady State   :     0.00
  Average Iterations per Step :     2.06
  % of Steps Not Converging   :     0.21
  Time Step Frequencies       :
      1.000 -  0.871 sec      :    99.79 %
      0.871 -  0.758 sec      :     0.07 %
      0.758 -  0.660 sec      :     0.04 %
      0.660 -  0.574 sec      :     0.04 %
      0.574 -  0.500 sec      :     0.06 %
  
  
  ***************************
  Subcatchment Runoff Summary
  ***************************
  
  ------------------------------------------------------------------------------------------------------------------------------
                            Total      Total      Total      Total     Imperv       Perv      Total       Total     Peak  Runoff
                           Precip      Runon       Evap      Infil     Runoff     Runoff     Runoff      Runoff   Runoff   Coeff
  Subcatchment                 mm         mm         mm         mm         mm         mm         mm    10^6 ltr      CMS
  ------------------------------------------------------------------------------------------------------------------------------
  RW34.1                    25.99       0.00       0.00       0.00      25.98       0.00      25.98        0.05     0.07   0.999
  RW34.1_2                  25.99       0.00       0.00       0.00      25.98       0.00      25.98        0.05     0.07   0.999
  FK003.1                   25.99       0.00       0.00       0.00      25.95       0.00      25.95        0.07     0.11   0.999
  FK003.1_2                 25.99       0.00       0.00       0.00      25.95       0.00      25.95        0.07     0.11   0.999
  FK004.1                   25.99       0.00       0.00       1.64      23.33       0.96      24.29        0.12     0.17   0.935
  FK004.1_2                 25.99       0.00       0.00       1.64      23.33       0.96      24.29        0.12     0.17   0.935
  RW006.1                   25.99       0.00       0.00       4.93      12.99       8.07      21.06        0.04     0.07   0.810
  RW006.1_2                 25.99       0.00       0.00       4.93      12.99       8.07      21.06        0.04     0.07   0.810
  RW04.1                    25.99       0.00       0.00       1.60      23.38       1.01      24.39        0.01     0.01   0.938
  RW04.1_2                  25.99       0.00       0.00       1.60      23.38       1.01      24.39        0.01     0.01   0.938
  RW05.1                    25.99       0.00       0.00       1.60      23.37       1.01      24.38        0.01     0.01   0.938
  RW05.1_2                  25.99       0.00       0.00       1.60      23.37       1.01      24.38        0.01     0.01   0.938
  RW09.1                    25.99       0.00       0.00       4.89      13.00       8.11      21.11        0.01     0.01   0.812
  RW09.1_2                  25.99       0.00       0.00       4.89      13.00       8.11      21.11        0.01     0.01   0.812
  RW11.1                    25.99       0.00       0.00       1.60      23.37       1.00      24.36        0.02     0.03   0.937
  RW11.1_2                  25.99       0.00       0.00       1.60      23.37       1.00      24.36        0.02     0.03   0.937
  RW13.1                    25.99       0.00       0.00       0.00      25.96       0.00      25.96        0.04     0.06   0.999
  RW13.1_2                  25.99       0.00       0.00       0.00      25.96       0.00      25.96        0.04     0.06   0.999
  RW15.1                    25.99       0.00       0.00       0.00      25.97       0.00      25.97        0.02     0.03   0.999
  RW15.1_2                  25.99       0.00       0.00       0.00      25.97       0.00      25.97        0.02     0.03   0.999
  RW15.2                    25.99       0.00       0.00       0.00      25.97       0.00      25.97        0.03     0.04   0.999
  RW15.2_2                  25.99       0.00       0.00       0.00      25.97       0.00      25.97        0.03     0.04   0.999
  RW17.1                    25.99       0.00       0.00       0.00      25.97       0.00      25.97        0.02     0.03   0.999
  RW17.1_2                  25.99       0.00       0.00       0.00      25.97       0.00      25.97        0.02     0.03   0.999
  RW17.2                    25.99       0.00       0.00       0.00      25.97       0.00      25.97        0.02     0.03   0.999
  RW17.2_2                  25.99       0.00       0.00       0.00      25.97       0.00      25.97        0.02     0.03   0.999
  RW22.1                    25.99       0.00       0.00       5.00      12.99       8.00      20.99        0.01     0.02   0.808
  RW22.1_2                  25.99       0.00       0.00       5.00      12.99       8.00      20.99        0.01     0.02   0.808
  RW25.1                    25.99       0.00       0.00       0.00      25.95       0.00      25.95        0.07     0.10   0.999
  RW25.1_2                  25.99       0.00       0.00       0.00      25.95       0.00      25.95        0.07     0.10   0.999
  RW35.1                    25.99       0.00       0.00       5.22      12.98       7.78      20.76        0.05     0.07   0.799
  RW35.1_2                  25.99       0.00       0.00       5.22      12.98       7.78      20.76        0.05     0.07   0.799
  RW27.1                    25.99       0.00       0.00       5.04      12.99       7.96      20.95        0.05     0.07   0.806
  RW27.1_2                  25.99       0.00       0.00       5.04      12.99       7.96      20.95        0.05     0.07   0.806
  RW28.1                    25.99       0.00       0.00       5.05      12.99       7.95      20.94        0.05     0.08   0.805
  RW28.1_2                  25.99       0.00       0.00       5.05      12.99       7.95      20.94        0.05     0.08   0.805
  RW29.1                    25.99       0.00       0.00       5.06      12.99       7.95      20.93        0.05     0.08   0.805
  RW29.1_2                  25.99       0.00       0.00       5.06      12.99       7.95      20.93        0.05     0.08   0.805
  RW30.1                    25.99       0.00       0.00       5.23      12.98       7.77      20.75        0.05     0.07   0.798
  RW30.1_2                  25.99       0.00       0.00       5.23      12.98       7.77      20.75        0.05     0.07   0.798
  RW32.1                    25.99       0.00       0.00       4.92      13.00       8.08      21.07        0.01     0.02   0.811
  RW32.1_2                  25.99       0.00       0.00       4.92      13.00       8.08      21.07        0.01     0.02   0.811
  RW36.1                    25.99       0.00       0.00       5.22      12.98       7.78      20.77        0.05     0.07   0.799
  RW36.1_2                  25.99       0.00       0.00       5.22      12.98       7.78      20.77        0.05     0.07   0.799
  RW37.1                    25.99       0.00       0.00       0.00      25.94       0.00      25.94        0.13     0.19   0.998
  RW37.1_2                  25.99       0.00       0.00       0.00      25.94       0.00      25.94        0.13     0.19   0.998
  SE006.1                   25.99       0.00       0.00       4.89      13.00       8.12      21.11        0.02     0.03   0.812
  SE006.1_2                 25.99       0.00       0.00       4.89      13.00       8.12      21.11        0.02     0.03   0.812
  SE01.1                    25.99       0.00       0.00       0.00      26.00       0.00      26.00        0.00     0.01   1.000
  SE01.1_2                  25.99       0.00       0.00       0.00      26.00       0.00      26.00        0.00     0.01   1.000
  SE02.1                    25.99       0.00       0.00       0.00      25.99       0.00      25.99        0.01     0.01   1.000
  SE02.1_2                  25.99       0.00       0.00       0.00      25.99       0.00      25.99        0.01     0.01   1.000
  SE04.1                    25.99       0.00       0.00       0.00      25.99       0.00      25.99        0.01     0.01   1.000
  SE04.1_2                  25.99       0.00       0.00       0.00      25.99       0.00      25.99        0.01     0.01   1.000
  
  
  ******************
  Node Depth Summary
  ******************
  
  ---------------------------------------------------------------------------------
                                 Average  Maximum  Maximum  Time of Max    Reported
                                   Depth    Depth      HGL   Occurrence   Max Depth
  Node                 Type       Meters   Meters   Meters  days hr:min      Meters
  ---------------------------------------------------------------------------------
  FK001                JUNCTION     0.91     2.66   341.87     0  00:20        2.66
  FK002                JUNCTION     0.83     2.44   341.87     0  00:20        2.44
  FK003                JUNCTION     0.75     6.91   347.16     0  00:20        6.88
  FK004                JUNCTION     0.45     7.24   347.83     0  00:20        7.20
  FK006                JUNCTION     0.94     2.77   341.87     0  00:20        2.77
  FK007                JUNCTION     0.13     0.48   339.71     0  00:20        0.48
  RW006                JUNCTION     0.30     1.01   341.69     0  00:23        1.01
  RW01                 JUNCTION     0.57     2.17   341.50     0  00:22        2.17
  RW02                 JUNCTION     0.57     2.01   341.31     0  00:16        2.01
  RW03                 JUNCTION     0.78     1.82   340.82     0  00:20        1.82
  RW04                 JUNCTION     0.76     2.07   341.47     0  00:20        2.07
  RW05                 JUNCTION     0.68     1.78   341.47     0  00:29        1.78
  RW06                 JUNCTION     0.99     1.52   340.13     0  00:20        1.52
  RW09                 JUNCTION     0.17     0.80   338.80     0  00:18        0.80
  RW10                 JUNCTION     0.19     0.95   338.57     0  00:17        0.95
  RW11                 JUNCTION     0.26     0.95   338.31     0  00:17        0.94
  RW12                 JUNCTION     0.19     0.50   337.66     0  00:18        0.50
  RW13                 JUNCTION     0.67     2.94   342.30     0  00:20        2.94
  RW14                 JUNCTION     1.04     2.73   341.31     0  00:20        2.72
  RW15                 JUNCTION     0.37     1.48   341.25     0  00:20        1.48
  RW16                 JUNCTION     1.11     2.50   340.90     0  00:23        2.50
  RW17                 JUNCTION     0.66     1.64   340.65     0  00:20        1.64
  RW18                 JUNCTION     1.15     2.18   340.36     0  00:35        2.18
  RW19                 JUNCTION     1.21     2.19   340.08     0  00:35        2.19
  RW20                 JUNCTION     1.01     1.74   339.54     0  00:40        1.74
  RW21                 JUNCTION     0.53     1.02   338.57     0  00:20        1.02
  RW22                 JUNCTION     0.97     1.90   339.55     0  00:20        1.90
  RW23                 JUNCTION     0.65     1.52   341.33     0  00:32        1.52
  RW24                 JUNCTION     0.90     2.63   341.88     0  00:20        2.62
  RW25                 JUNCTION     0.97     2.75   341.68     0  00:22        2.75
  RW26                 JUNCTION     0.26     1.79   341.35     0  00:20        1.79
  RW27                 JUNCTION     1.10     3.08   341.31     0  00:21        3.08
  RW28                 JUNCTION     1.07     2.52   340.49     0  00:30        2.52
  RW29                 JUNCTION     0.15     1.27   340.71     0  00:20        1.27
  RW30                 JUNCTION     1.02     2.15   340.34     0  00:21        2.15
  RW31                 JUNCTION     1.13     1.60   339.50     0  00:30        1.60
  RW32                 JUNCTION     1.18     1.70   339.49     0  00:42        1.70
  RW33                 JUNCTION     0.00     0.00   333.70     0  00:00        0.00
  RW34                 JUNCTION     0.33     1.20   340.43     0  00:25        1.20
  RW35                 JUNCTION     0.65     1.12   341.58     0  00:31        1.12
  SE006                JUNCTION     0.61     2.33   342.08     0  00:20        2.33
  SE01                 JUNCTION     0.78     2.45   341.89     0  00:20        2.45
  SE02                 JUNCTION     0.82     2.57   341.97     0  00:20        2.57
  SE03                 JUNCTION     0.87     2.65   341.95     0  00:20        2.65
  SE04                 JUNCTION     0.72     2.31   341.94     0  00:20        2.31
  SW01                 JUNCTION     0.00     0.00   337.54     0  00:00        0.00
  SW02                 JUNCTION     0.00     0.00   336.81     0  00:00        0.00
  SW03                 JUNCTION     0.00     0.00   335.99     0  00:00        0.00
  SW04                 JUNCTION     0.00     0.00   334.56     0  00:00        0.00
  AL001                OUTFALL      0.18     0.41   337.53     0  00:20        0.41
  AL002                OUTFALL      0.24     0.32   337.62     0  00:11        0.31
  AL003                OUTFALL      0.00     0.00   335.00     0  00:00        0.00
  
  
  *******************
  Node Inflow Summary
  *******************
  
  -------------------------------------------------------------------------------------------------
                                  Maximum  Maximum                  Lateral       Total        Flow
                                  Lateral    Total  Time of Max      Inflow      Inflow     Balance
                                   Inflow   Inflow   Occurrence      Volume      Volume       Error
  Node                 Type           CMS      CMS  days hr:min    10^6 ltr    10^6 ltr     Percent
  -------------------------------------------------------------------------------------------------
  FK001                JUNCTION     0.007    0.100     0  00:16     0.00468       0.206      -0.035
  FK002                JUNCTION     0.083    0.123     0  00:16      0.0569       0.217       0.015
  FK003                JUNCTION     0.107    0.107     0  00:20      0.0732      0.0732       0.129
  FK004                JUNCTION     0.173    0.173     0  00:20       0.116       0.116       0.171
  FK006                JUNCTION     0.035    0.104     0  00:16      0.0205        0.23       0.182
  FK007                JUNCTION     0.000    0.284     0  00:16           0       0.683       0.126
  RW006                JUNCTION     0.070    0.093     0  00:20      0.0419      0.0476      -3.825
  RW01                 JUNCTION     0.173    0.336     0  00:20       0.116       0.233      -0.617
  RW02                 JUNCTION     0.000    0.173     0  00:29           0       0.235       0.121
  RW03                 JUNCTION     0.011    0.285     0  00:16     0.00732       0.689       0.478
  RW04                 JUNCTION     0.216    0.227     0  00:20       0.148        0.45      -0.959
  RW05                 JUNCTION     0.121    0.237     0  00:20      0.0827       0.164      -2.038
  RW06                 JUNCTION     0.000    0.283     0  00:18           0       0.684       0.155
  RW09                 JUNCTION     0.013    0.298     0  00:21      0.0076        0.69      -0.022
  RW10                 JUNCTION     0.042    0.331     0  00:20      0.0264       0.716      -0.035
  RW11                 JUNCTION     0.029    0.360     0  00:20      0.0188       0.735       0.049
  RW12                 JUNCTION     0.000    0.360     0  00:20           0       0.735       0.034
  RW13                 JUNCTION     0.132    0.132     0  00:20      0.0842       0.134      -0.190
  RW14                 JUNCTION     0.062    0.171     0  00:20      0.0423       0.172      -1.242
  RW15                 JUNCTION     0.071    0.071     0  00:20      0.0488      0.0495       0.621
  RW16                 JUNCTION     0.071    0.277     0  00:19      0.0488       0.273      -0.660
  RW17                 JUNCTION     0.066    0.066     0  00:20      0.0452      0.0464       0.320
  RW18                 JUNCTION     0.066    0.272     0  00:19      0.0452       0.364      -0.235
  RW19                 JUNCTION     0.000    0.098     0  00:15           0       0.364      -0.059
  RW20                 JUNCTION     0.068    0.249     0  00:20      0.0451       0.553      -0.662
  RW21                 JUNCTION     0.018    0.339     0  00:20      0.0111        1.49      -0.080
  RW22                 JUNCTION     0.118    0.266     0  00:20      0.0728       0.941      -0.011
  RW23                 JUNCTION     0.069    0.180     0  00:20       0.047        0.11      -6.612
  RW24                 JUNCTION     0.000    0.192     0  00:16           0         0.2      -0.055
  RW25                 JUNCTION     0.103    0.176     0  00:20      0.0709       0.272      -0.795
  RW26                 JUNCTION     0.070    0.070     0  00:20      0.0467      0.0467      -4.378
  RW27                 JUNCTION     0.177    0.235     0  00:20       0.117       0.376      -1.413
  RW28                 JUNCTION     0.151    0.289     0  00:20      0.0944       0.476      -0.775
  RW29                 JUNCTION     0.080    0.080     0  00:20      0.0498      0.0531       0.340
  RW30                 JUNCTION     0.152    0.231     0  00:20      0.0986       0.157      -3.961
  RW31                 JUNCTION     0.073    0.201     0  00:20      0.0488       0.211     -42.527
  RW32                 JUNCTION     0.022    0.162     0  00:17      0.0129        0.39      -0.343
  RW33                 JUNCTION     0.000    0.000     0  00:00           0           0       0.000 ltr
  RW34                 JUNCTION     0.137    0.185     0  00:20      0.0918       0.141      -2.764
  RW35                 JUNCTION     0.191    0.191     0  00:20       0.131       0.131      -2.709
  SE006                JUNCTION     0.035    0.035     0  00:20      0.0205      0.0208      -0.001
  SE01                 JUNCTION     0.007    0.014     0  00:16     0.00468     0.00598       0.005
  SE02                 JUNCTION     0.011    0.017     0  00:12     0.00728     0.00812       0.005
  SE03                 JUNCTION     0.011    0.023     0  00:12     0.00728      0.0169       0.030
  SE04                 JUNCTION     0.014    0.018     0  00:15     0.00988      0.0108       0.030
  SW01                 JUNCTION     0.000    0.000     0  00:00           0           0       0.000 ltr
  SW02                 JUNCTION     0.000    0.000     0  00:00           0           0       0.000 ltr
  SW03                 JUNCTION     0.000    0.000     0  00:00           0           0       0.000 ltr
  SW04                 JUNCTION     0.000    0.000     0  00:00           0           0       0.000 ltr
  AL001                OUTFALL      0.000    0.360     0  00:20           0       0.735       0.000
  AL002                OUTFALL      0.000    0.338     0  00:20           0        1.49       0.000
  AL003                OUTFALL      0.000    0.000     0  00:00           0           0       0.000 ltr
  
  
  **********************
  Node Surcharge Summary
  **********************
  
  Surcharging occurs when water rises above the top of the highest conduit.
  ---------------------------------------------------------------------
                                               Max. Height   Min. Depth
                                   Hours       Above Crown    Below Rim
  Node                 Type      Surcharged         Meters       Meters
  ---------------------------------------------------------------------
  FK001                JUNCTION        0.97          2.365        0.000
  FK002                JUNCTION        0.94          2.138        0.000
  FK003                JUNCTION        0.76          6.705        0.000
  FK004                JUNCTION        0.31          6.993        0.000
  FK006                JUNCTION        0.99          2.467        0.000
  FK007                JUNCTION        0.03          0.076        2.024
  RW006                JUNCTION        0.58          0.815        0.000
  RW01                 JUNCTION        0.91          1.869        0.000
  RW02                 JUNCTION        0.99          1.708        0.090
  RW03                 JUNCTION        1.92          1.513        0.750
  RW04                 JUNCTION        1.12          1.773        0.000
  RW05                 JUNCTION        0.80          1.483        0.000
  RW06                 JUNCTION        0.28          0.322        1.278
  RW09                 JUNCTION        0.09          0.301        1.809
  RW10                 JUNCTION        0.26          0.445        1.640
  RW11                 JUNCTION        0.30          0.451        1.087
  RW12                 JUNCTION        0.01          0.000        1.629
  RW13                 JUNCTION        0.90          2.643        0.067
  RW14                 JUNCTION        1.14          2.421        0.000
  RW15                 JUNCTION        0.86          1.181        0.379
  RW16                 JUNCTION        1.17          2.195        0.000
  RW17                 JUNCTION        1.10          1.339        0.691
  RW18                 JUNCTION        1.23          1.877        0.000
  RW19                 JUNCTION        1.30          1.887        0.089
  RW20                 JUNCTION        1.29          1.434        0.000
  RW21                 JUNCTION        1.27          0.702        0.763
  RW22                 JUNCTION        1.52          1.597        0.000
  RW23                 JUNCTION        0.89          1.223        0.000
  RW24                 JUNCTION        0.97          2.322        0.000
  RW25                 JUNCTION        1.01          2.446        0.000
  RW26                 JUNCTION        0.37          1.592        0.000
  RW27                 JUNCTION        1.11          2.772        0.000
  RW28                 JUNCTION        1.31          2.218        0.000
  RW29                 JUNCTION        0.22          0.968        0.812
  RW30                 JUNCTION        1.43          1.835        0.000
  RW31                 JUNCTION        1.46          1.298        0.000
  RW32                 JUNCTION        1.49          1.390        0.000
  RW34                 JUNCTION        1.05          0.947        0.000
  RW35                 JUNCTION        1.18          0.916        0.000
  SE006                JUNCTION        0.91          2.185        0.000
  SE01                 JUNCTION        0.96          2.300        0.000
  SE02                 JUNCTION        0.97          2.420        0.000
  SE03                 JUNCTION        0.99          2.505        0.000
  SE04                 JUNCTION        0.93          2.159        0.000
  
  
  *********************
  Node Flooding Summary
  *********************
  
  Flooding refers to all water that overflows a node, whether it ponds or not.
  --------------------------------------------------------------------------
                                                             Total   Maximum
                                 Maximum   Time of Max       Flood    Ponded
                        Hours       Rate    Occurrence      Volume     Depth
  Node                 Flooded       CMS   days hr:min    10^6 ltr    Meters
  --------------------------------------------------------------------------
  RW006                   0.53     0.093      0  00:20       0.027     0.015
  RW01                    0.24     0.182      0  00:20       0.040     0.009
  RW04                    0.20     0.098      0  00:20       0.023     0.005
  RW05                    0.68     0.237      0  00:20       0.102     0.033
  RW14                    0.11     0.037      0  00:20       0.007     0.005
  RW16                    0.31     0.137      0  00:19       0.043     0.024
  RW18                    0.84     0.176      0  00:19       0.108     0.062
  RW20                    1.06     0.136      0  00:20       0.117     0.055
  RW22                    0.04     0.011      0  00:20       0.001     0.000
  RW23                    0.77     0.180      0  00:20       0.088     0.053
  RW24                    0.85     0.186      0  00:16       0.027     1.316
  RW25                    0.17     0.118      0  00:20       0.020     0.008
  RW26                    0.11     0.022      0  00:20       0.003     0.002
  RW27                    0.22     0.097      0  00:20       0.020     0.005
  RW28                    0.43     0.141      0  00:20       0.046     0.011
  RW30                    0.18     0.103      0  00:20       0.020     0.005
  RW31                    0.89     0.121      0  00:20       0.074     0.031
  RW32                    1.32     0.162      0  00:17       0.088     0.145
  RW34                    0.32     0.100      0  00:20       0.027     0.007
  RW35                    1.12     0.180      0  00:20       0.078     0.016
  
  
  ***********************
  Outfall Loading Summary
  ***********************
  
  -----------------------------------------------------------
                         Flow       Avg       Max       Total
                         Freq      Flow      Flow      Volume
  Outfall Node           Pcnt       CMS       CMS    10^6 ltr
  -----------------------------------------------------------
  AL001                 97.61     0.105     0.360       0.735
  AL002                 99.33     0.209     0.338       1.495
  AL003                  0.00     0.000     0.000       0.000
  -----------------------------------------------------------
  System                65.65     0.314     0.698       2.230
  
  
  ********************
  Link Flow Summary
  ********************
  
  -----------------------------------------------------------------------------
                                 Maximum  Time of Max   Maximum    Max/    Max/
                                  |Flow|   Occurrence   |Veloc|    Full    Full
  Link                 Type          CMS  days hr:min     m/sec    Flow   Depth
  -----------------------------------------------------------------------------
  AL003                CONDUIT     0.000     0  00:00      0.00    0.00    0.00
  FK001                CONDUIT     0.094     0  00:16      1.32    1.47    1.00
  RW34                 CONDUIT     0.112     0  00:20      1.58    1.30    1.00
  FK003                CONDUIT     0.100     0  00:20      3.18    4.02    1.00
  FK004                CONDUIT     0.164     0  00:20      3.33    2.76    1.00
  FK006                CONDUIT     0.080     0  01:04      1.14    1.27    1.00
  FK008                CONDUIT     0.294     0  00:21      2.66    0.93    1.00
  RW006                CONDUIT     0.029     0  00:49      0.92    0.98    1.00
  RW01                 CONDUIT     0.173     0  00:29      2.45    3.15    1.00
  RW02                 CONDUIT     0.172     0  00:29      2.43    1.54    1.00
  RW04                 CONDUIT     0.142     0  00:15      2.01    1.74    1.00
  RW06                 CONDUIT     0.283     0  00:18      4.01    1.48    1.00
  RW05                 CONDUIT     0.095     0  00:54      1.34    1.54    1.00
  FK007                CONDUIT     0.284     0  00:16      2.26    1.63    1.00
  RW09                 CONDUIT     0.299     0  00:21      1.89    0.84    1.00
  RW10                 CONDUIT     0.245     0  00:20      1.25    1.01    1.00
  RW11                 CONDUIT     0.086     0  00:20      1.10    1.02    1.00
  RW21                 CONDUIT     0.360     0  00:20      1.94    1.68    0.91
  RW12                 CONDUIT     0.360     0  00:20      1.83    1.86    1.00
  RW13                 CONDUIT     0.109     0  00:20      1.55    1.25    1.00
  RW15                 CONDUIT     0.071     0  00:20      1.01    0.55    1.00
  RW14                 CONDUIT     0.136     0  00:16      1.92    1.69    1.00
  RW17                 CONDUIT     0.066     0  00:20      0.93    0.67    1.00
  RW16                 CONDUIT     0.141     0  00:16      1.99    1.77    1.00
  RW18                 CONDUIT     0.098     0  00:15      1.38    1.08    1.00
  RW19                 CONDUIT     0.097     0  00:31      1.37    2.66    1.00
  RW26                 CONDUIT     0.338     0  00:20      4.34    1.93    1.00
  RW20                 CONDUIT     0.134     0  01:18      1.89    2.41    1.00
  RW22                 CONDUIT     0.211     0  00:20      2.98    3.36    1.00
  RW24                 CONDUIT     0.087     0  00:16      1.23    1.36    1.00
  RW23                 CONDUIT     0.113     0  00:16      1.60    1.33    1.00
  RW25                 CONDUIT     0.083     0  00:43      1.17    1.14    1.00
  RW35                 CONDUIT     0.048     0  00:17      1.52    1.84    1.00
  RW27                 CONDUIT     0.138     0  00:16      1.96    1.97    1.00
  RW28                 CONDUIT     0.164     0  00:21      2.32    2.05    1.00
  RW29                 CONDUIT     0.079     0  00:20      1.12    0.58    1.00
  RW31                 CONDUIT     0.162     0  01:33      2.28    1.72    1.00
  RW30                 CONDUIT     0.128     0  00:16      1.82    1.84    1.00
  RW32                 CONDUIT     0.129     0  01:33      1.82    2.93    1.00
  RW36                 CONDUIT     0.085     0  00:16      1.73    0.86    1.00
  RW37                 CONDUIT     0.045     0  01:19      1.43    1.37    1.00
  SE006                CONDUIT     0.034     0  00:20      1.92    0.69    1.00
  SE01                 CONDUIT     0.010     0  00:12      0.58    0.49    1.00
  SE02                 CONDUIT     0.014     0  00:12      0.79    0.66    1.00
  RW33                 CONDUIT     0.020     0  00:12      1.12    1.60    1.00
  SE04                 CONDUIT     0.017     0  01:04      0.95    0.88    1.00
  RW08                 CONDUIT     0.000     0  00:00      0.00    0.00    0.00
  SW02                 CONDUIT     0.000     0  00:00      0.00    0.00    0.00
  SW03                 CONDUIT     0.000     0  00:00      0.00    0.00    0.00
  
  
  ***************************
  Flow Classification Summary
  ***************************
  
  -------------------------------------------------------------------------------------
                      Adjusted    ---------- Fraction of Time in Flow Class ---------- 
                       /Actual         Up    Down  Sub   Sup   Up    Down  Norm  Inlet 
  Conduit               Length    Dry  Dry   Dry   Crit  Crit  Crit  Crit  Ltd   Ctrl  
  -------------------------------------------------------------------------------------
  AL003                   1.00   1.00  0.00  0.00  0.00  0.00  0.00  0.00  0.00  0.00
  FK001                   1.00   0.00  0.00  0.00  1.00  0.00  0.00  0.00  0.43  0.00
  RW34                    1.00   0.00  0.00  0.00  1.00  0.00  0.00  0.00  0.53  0.00
  FK003                   1.00   0.00  0.00  0.00  1.00  0.00  0.00  0.00  0.47  0.00
  FK004                   1.00   0.00  0.00  0.00  0.98  0.01  0.00  0.00  0.80  0.00
  FK006                   1.00   0.00  0.00  0.00  0.97  0.00  0.00  0.03  0.43  0.00
  FK008                   1.00   0.01  0.03  0.00  0.07  0.59  0.00  0.29  0.60  0.00
  RW006                   1.00   0.00  0.00  0.00  0.91  0.01  0.00  0.08  0.51  0.00
  RW01                    1.00   0.00  0.00  0.00  0.96  0.00  0.00  0.04  0.00  0.00
  RW02                    1.00   0.00  0.00  0.00  0.98  0.01  0.00  0.00  0.02  0.00
  RW04                    1.00   0.00  0.00  0.00  0.97  0.00  0.00  0.03  0.01  0.00
  RW06                    1.00   0.00  0.00  0.00  0.98  0.00  0.00  0.02  0.01  0.00
  RW05                    1.00   0.00  0.00  0.00  1.00  0.00  0.00  0.00  0.47  0.00
  FK007                   1.00   0.04  0.00  0.00  0.14  0.82  0.00  0.00  0.32  0.00
  RW09                    1.00   0.00  0.00  0.00  0.17  0.06  0.00  0.77  0.05  0.00
  RW10                    1.00   0.00  0.00  0.00  0.99  0.00  0.00  0.00  0.78  0.00
  RW11                    1.00   0.00  0.00  0.00  0.98  0.00  0.00  0.02  0.69  0.00
  RW21                    1.00   0.01  0.00  0.00  0.99  0.00  0.00  0.00  0.00  0.00
  RW12                    1.00   0.00  0.00  0.00  0.97  0.00  0.00  0.03  0.00  0.00
  RW13                    1.00   0.00  0.00  0.00  0.72  0.26  0.00  0.02  0.17  0.00
  RW15                    1.00   0.00  0.00  0.00  0.78  0.05  0.00  0.17  0.35  0.00
  RW14                    1.00   0.00  0.00  0.00  0.81  0.18  0.00  0.00  0.18  0.00
  RW17                    1.00   0.00  0.00  0.00  0.98  0.02  0.00  0.01  0.36  0.00
  RW16                    1.00   0.00  0.00  0.00  0.83  0.14  0.00  0.02  0.14  0.00
  RW18                    1.00   0.00  0.00  0.00  0.96  0.01  0.00  0.03  0.32  0.00
  RW19                    1.00   0.00  0.00  0.00  1.00  0.00  0.00  0.00  0.29  0.00
  RW26                    1.00   0.00  0.00  0.00  0.64  0.36  0.00  0.00  0.24  0.00
  RW20                    1.00   0.00  0.00  0.00  0.99  0.00  0.00  0.00  0.22  0.00
  RW22                    1.00   0.00  0.00  0.00  0.66  0.00  0.00  0.34  0.00  0.00
  RW24                    1.00   0.00  0.00  0.00  0.99  0.01  0.00  0.00  0.41  0.00
  RW23                    1.00   0.00  0.00  0.00  0.62  0.22  0.00  0.15  0.09  0.00
  RW25                    1.00   0.00  0.00  0.00  1.00  0.00  0.00  0.00  0.38  0.00
  RW35                    1.00   0.00  0.00  0.00  0.71  0.11  0.00  0.18  0.42  0.00
  RW27                    1.00   0.00  0.00  0.00  0.99  0.01  0.00  0.00  0.15  0.00
  RW28                    1.00   0.00  0.00  0.00  0.98  0.01  0.00  0.01  0.21  0.00
  RW29                    1.00   0.00  0.00  0.00  0.86  0.02  0.00  0.11  0.23  0.00
  RW31                    1.00   0.00  0.00  0.00  0.96  0.01  0.00  0.02  0.15  0.00
  RW30                    1.00   0.00  0.00  0.00  0.93  0.01  0.00  0.06  0.06  0.00
  RW32                    1.00   0.00  0.00  0.00  1.00  0.00  0.00  0.00  0.22  0.00
  RW36                    1.00   0.00  0.00  0.00  0.86  0.05  0.00  0.09  0.34  0.00
  RW37                    1.00   0.00  0.00  0.00  0.97  0.02  0.00  0.01  0.37  0.00
  SE006                   1.00   0.00  0.00  0.00  0.98  0.02  0.00  0.00  0.53  0.00
  SE01                    1.00   0.00  0.00  0.00  0.99  0.01  0.00  0.00  0.50  0.00
  SE02                    1.00   0.00  0.00  0.00  0.99  0.01  0.00  0.00  0.49  0.00
  RW33                    1.00   0.00  0.00  0.00  0.99  0.00  0.00  0.01  0.41  0.00
  SE04                    1.00   0.00  0.00  0.00  0.99  0.00  0.00  0.00  0.52  0.00
  RW08                    1.00   1.00  0.00  0.00  0.00  0.00  0.00  0.00  0.00  0.00
  SW02                    1.00   1.00  0.00  0.00  0.00  0.00  0.00  0.00  0.00  0.00
  SW03                    1.00   1.00  0.00  0.00  0.00  0.00  0.00  0.00  0.00  0.00
  
  
  *************************
  Conduit Surcharge Summary
  *************************
  
  ----------------------------------------------------------------------------
                                                           Hours        Hours 
                         --------- Hours Full --------   Above Full   Capacity
  Conduit                Both Ends  Upstream  Dnstream   Normal Flow   Limited
  ----------------------------------------------------------------------------
  FK001                       0.97      0.97      0.99      0.42         0.40
  RW34                        0.89      0.89      0.94      0.06         0.01
  FK003                       0.76      0.76      0.84      0.21         0.20
  FK004                       0.31      0.31      1.07      0.14         0.13
  FK006                       0.99      0.99      1.01      0.43         0.42
  FK008                       0.03      0.03      0.20      0.01         0.01
  RW006                       0.58      0.58      0.92      0.01         0.01
  RW01                        0.91      0.91      0.99      0.37         0.37
  RW02                        1.00      1.00      1.92      0.27         0.26
  RW04                        1.13      1.13      1.92      0.78         0.77
  RW06                        1.92      1.92      1.95      0.35         0.34
  RW05                        0.80      0.80      1.12      0.39         0.39
  FK007                       0.03      0.28      0.03      0.37         0.26
  RW09                        0.09      0.09      0.26      0.01         0.01
  RW10                        0.26      0.26      0.30      0.02         0.01
  RW11                        0.32      0.32      0.74      0.04         0.01
  RW21                        0.01      0.01      0.01      0.34         0.01
  RW12                        0.01      0.30      0.01      0.37         0.26
  RW13                        0.90      0.90      1.14      0.07         0.06
  RW15                        0.86      0.86      1.17      0.01         0.01
  RW14                        1.14      1.14      1.17      0.13         0.13
  RW17                        1.10      1.10      1.23      0.01         0.01
  RW16                        1.18      1.18      1.23      0.34         0.34
  RW18                        1.23      1.23      1.30      0.85         0.01
  RW19                        1.29      1.30      1.29      1.13         1.10
  RW26                        0.01      1.27      0.01      1.29         1.26
  RW20                        1.24      1.29      1.27      1.29         1.25
  RW22                        1.27      1.52      1.27      1.56         1.50
  RW24                        0.97      0.97      0.97      0.40         0.38
  RW23                        0.94      0.94      0.97      0.02         0.02
  RW25                        1.01      1.01      1.11      0.40         0.40
  RW35                        0.37      0.37      1.08      0.17         0.17
  RW27                        1.11      1.11      1.31      0.92         0.76
  RW28                        1.31      1.31      1.52      0.92         0.90
  RW29                        0.22      0.22      1.43      0.01         0.01
  RW31                        1.46      1.46      1.49      0.31         0.31
  RW30                        1.43      1.43      1.46      0.23         0.22
  RW32                        1.48      1.49      1.52      1.04         0.97
  RW36                        1.05      1.05      1.30      0.01         0.01
  RW37                        1.18      1.18      1.25      0.42         0.42
  SE006                       0.91      0.91      1.09      0.01         0.01
  SE01                        0.96      0.96      1.02      0.01         0.01
  SE02                        0.97      0.97      0.99      0.01         0.01
  RW33                        0.99      0.99      1.01      0.07         0.05
  SE04                        0.93      0.93      0.98      0.01         0.01
  

  Analysis begun on:  Fri Jan 30 17:00:27 2026
  Analysis ended on:  Fri Jan 30 17:00:27 2026
  Total elapsed time: < 1 sec